// Jest Snapshot v1, https://goo.gl/fbAQLP

exports[`matches List route snapshot 1`] = `
<DocumentFragment>
  .emotion-0 {
  background: red;
}

<div
    class="class1 emotion-0"
  >
    List Desktop
  </div>
</DocumentFragment>
`;
